// Jest Snapshot v1, https://goo.gl/fbAQLP

exports[`rendering of the J40Header checks if component renders 1`] = `
<DocumentFragment>
  <header
    class="usa-header usa-header--basic"
    data-testid="header"
    role="banner"
  >
    <div>
      <div>
        <strong>
          This is an unofficial copy of the CEJST Tool.
        </strong>
          We are working on an overhaul, but in the meantime some links and text may incorrectly suggest that this site is affiliated with the US Government.
      </div>
    </div>
    <div
      class="grid-container-desktop-lg"
      data-testid="gridContainer"
    >
      <div
        class="grid-row"
        data-testid="grid"
      >
        <div
          class="grid-col-1"
          data-testid="grid"
        >
          <a
            data-cy="nav-link-explore-the-map"
            href="/en/"
          >
            <img
              alt="Climate and Economic Justice Screening Tool"
              src="test-file-stub"
            />
          </a>
        </div>
        <div
          class="grid-col-6"
          data-testid="grid"
        >
          <a
            class="remove-link-style"
            data-cy="nav-link-explore-the-map"
            href="/en/"
          >
            <div>
              Climate and Economic Justice Screening Tool
            </div>
          </a>
        </div>
        <div
          class="grid-col-fill"
          data-testid="grid"
        >
          <button
            class="usa-menu-btn"
            data-testid="navMenuButton"
            type="button"
          >
            Menu
          </button>
          <nav
            class="usa-nav"
          >
            <button
              class="usa-nav__close"
              data-testid="navCloseButton"
              type="button"
            >
              <img
                alt="close"
                src="data:image/svg+xml;base64,PD94bWwgdmVyc2lvbj0iMS4wIiBlbmNvZGluZz0iVVRGLTgiPz48c3ZnIHhtbG5zPSJodHRwOi8vd3d3LnczLm9yZy8yMDAwL3N2ZyIgd2lkdGg9IjY0IiBoZWlnaHQ9IjY0IiB2aWV3Qm94PSIwIDAgNjQgNjQiPjx0aXRsZT5jbG9zZTwvdGl0bGU+PHBhdGggZmlsbD0iIzU2NUM2NSIgZmlsbC1ydWxlPSJldmVub2RkIiBkPSJNNTcuMDQyIDEuMTVsNS44MDkgNS44MDhhNCA0IDAgMCAxIDAgNS42NTdMNDMuNDY1IDMybDE5LjM4NiAxOS4zODVhNCA0IDAgMCAxIDAgNS42NTdsLTUuODA5IDUuODA5YTQgNCAwIDAgMS01LjY1NyAwTDMyIDQzLjQ2NSAxMi42MTUgNjIuODUxYTQgNCAwIDAgMS01LjY1NyAwbC01LjgwOS01LjgwOWE0IDQgMCAwIDEgMC01LjY1N0wyMC41MzUgMzIgMS4xNDkgMTIuNjE1YTQgNCAwIDAgMSAwLTUuNjU3bDUuODA5LTUuODA5YTQgNCAwIDAgMSA1LjY1NyAwTDMyIDIwLjUzNSA1MS4zODUgMS4xNDlhNCA0IDAgMCAxIDUuNjU3IDB6Ii8+PC9zdmc+"
              />
            </button>
            <ul
              class="usa-nav__primary usa-accordion"
            >
              <li
                class="usa-nav__primary-item"
              >
                <a
                  data-cy="nav-link-explore-the-map"
                  href="/en/"
                >
                  Explore the map
                </a>
              </li>
              <li
                class="usa-nav__primary-item"
              >
                <button
                  aria-controls="methMenu"
                  aria-expanded="false"
                  class="usa-accordion__button usa-nav__link"
                  data-cy="nav-dropdown-methodology"
                  data-testid="navDropDownButton"
                  type="button"
                >
                  <span>
                    Methodology & data
                  </span>
                </button>
                <ul
                  class="usa-nav__submenu"
                  hidden=""
                  id="methMenu"
                >
                  <li
                    class="usa-nav__submenu-item"
                  >
                    <a
                      data-cy="nav-link-methodology"
                      href="/en/methodology"
                    >
                      Methodology & data
                    </a>
                  </li>
                  <li
                    class="usa-nav__submenu-item"
                  >
                    <a
                      data-cy="nav-link-downloads"
                      href="/en/downloads"
                    >
                      Downloads
                    </a>
                  </li>
                  <li
                    class="usa-nav__submenu-item"
                  >
                    <a
                      data-cy="nav-link-previous-versions"
                      href="/en/previous-versions"
                    >
                      Previous versions
                    </a>
                  </li>
                </ul>
              </li>
              <li
                class="usa-nav__primary-item"
              >
                <button
                  aria-controls="aboutMenu"
                  aria-expanded="false"
                  class="usa-accordion__button usa-nav__link"
                  data-cy="nav-dropdown-about"
                  data-testid="navDropDownButton"
                  type="button"
                >
                  <span>
                    About
                  </span>
                </button>
                <ul
                  class="usa-nav__submenu"
                  hidden=""
                  id="aboutMenu"
                >
                  <li
                    class="usa-nav__submenu-item"
                  >
                    <a
                      data-cy="nav-link-about"
                      href="/en/about"
                    >
                      About
                    </a>
                  </li>
                  <li
                    class="usa-nav__submenu-item"
                  >
                    <a
                      data-cy="nav-link-faqs"
                      href="/en/frequently-asked-questions"
                    >
                      Frequently asked questions
                    </a>
                  </li>
                </ul>
              </li>
              <li
                class="usa-nav__primary-item"
              >
                <div>
                  <div>
                    <img
                      alt="language icon for selecting language"
                      src="test-file-stub"
                    />
                    <a
                      class="usa-link"
                      href="#"
                    >
                      English
                    </a>
                    <a
                      class="usa-link"
                      href="#"
                    >
                      Espa√±ol
                    </a>
                  </div>
                </div>
              </li>
            </ul>
          </nav>
        </div>
      </div>
    </div>
    <div
      class="grid-container-desktop-lg"
      data-testid="gridContainer"
    />
  </header>
</DocumentFragment>
`;
