// Jest Snapshot v1, https://goo.gl/fbAQLP

exports[`rendering of the Privacy Policy page matches Privacy Policy page snapshot 1`] = `
<DocumentFragment>
  <header
    class="usa-header usa-header--basic"
    data-testid="header"
    role="banner"
  >
    <div>
      <div>
        <strong>
          This is an unofficial copy of the CEJST Tool.
        </strong>
          We are working on an overhaul, but in the meantime some links and text may incorrectly suggest that this site is affiliated with the US Government.
      </div>
    </div>
    <div
      class="grid-container-desktop-lg"
      data-testid="gridContainer"
    >
      <div
        class="grid-row"
        data-testid="grid"
      >
        <div
          class="grid-col-1"
          data-testid="grid"
        >
          <a
            data-cy="nav-link-explore-the-map"
            href="/en/"
          >
            <img
              alt="Climate and Economic Justice Screening Tool"
              src="test-file-stub"
            />
          </a>
        </div>
        <div
          class="grid-col-6"
          data-testid="grid"
        >
          <a
            class="remove-link-style"
            data-cy="nav-link-explore-the-map"
            href="/en/"
          >
            <div>
              Climate and Economic Justice Screening Tool
            </div>
          </a>
        </div>
        <div
          class="grid-col-fill"
          data-testid="grid"
        >
          <button
            class="usa-menu-btn"
            data-testid="navMenuButton"
            type="button"
          >
            Menu
          </button>
          <nav
            class="usa-nav"
          >
            <button
              class="usa-nav__close"
              data-testid="navCloseButton"
              type="button"
            >
              <img
                alt="close"
                src="data:image/svg+xml;base64,PD94bWwgdmVyc2lvbj0iMS4wIiBlbmNvZGluZz0iVVRGLTgiPz48c3ZnIHhtbG5zPSJodHRwOi8vd3d3LnczLm9yZy8yMDAwL3N2ZyIgd2lkdGg9IjY0IiBoZWlnaHQ9IjY0IiB2aWV3Qm94PSIwIDAgNjQgNjQiPjx0aXRsZT5jbG9zZTwvdGl0bGU+PHBhdGggZmlsbD0iIzU2NUM2NSIgZmlsbC1ydWxlPSJldmVub2RkIiBkPSJNNTcuMDQyIDEuMTVsNS44MDkgNS44MDhhNCA0IDAgMCAxIDAgNS42NTdMNDMuNDY1IDMybDE5LjM4NiAxOS4zODVhNCA0IDAgMCAxIDAgNS42NTdsLTUuODA5IDUuODA5YTQgNCAwIDAgMS01LjY1NyAwTDMyIDQzLjQ2NSAxMi42MTUgNjIuODUxYTQgNCAwIDAgMS01LjY1NyAwbC01LjgwOS01LjgwOWE0IDQgMCAwIDEgMC01LjY1N0wyMC41MzUgMzIgMS4xNDkgMTIuNjE1YTQgNCAwIDAgMSAwLTUuNjU3bDUuODA5LTUuODA5YTQgNCAwIDAgMSA1LjY1NyAwTDMyIDIwLjUzNSA1MS4zODUgMS4xNDlhNCA0IDAgMCAxIDUuNjU3IDB6Ii8+PC9zdmc+"
              />
            </button>
            <ul
              class="usa-nav__primary usa-accordion"
            >
              <li
                class="usa-nav__primary-item"
              >
                <a
                  data-cy="nav-link-explore-the-map"
                  href="/en/"
                >
                  Explore the map
                </a>
              </li>
              <li
                class="usa-nav__primary-item"
              >
                <button
                  aria-controls="methMenu"
                  aria-expanded="false"
                  class="usa-accordion__button usa-nav__link"
                  data-cy="nav-dropdown-methodology"
                  data-testid="navDropDownButton"
                  type="button"
                >
                  <span>
                    Methodology & data
                  </span>
                </button>
                <ul
                  class="usa-nav__submenu"
                  hidden=""
                  id="methMenu"
                >
                  <li
                    class="usa-nav__submenu-item"
                  >
                    <a
                      data-cy="nav-link-methodology"
                      href="/en/methodology"
                    >
                      Methodology & data
                    </a>
                  </li>
                  <li
                    class="usa-nav__submenu-item"
                  >
                    <a
                      data-cy="nav-link-downloads"
                      href="/en/downloads"
                    >
                      Downloads
                    </a>
                  </li>
                  <li
                    class="usa-nav__submenu-item"
                  >
                    <a
                      data-cy="nav-link-previous-versions"
                      href="/en/previous-versions"
                    >
                      Previous versions
                    </a>
                  </li>
                </ul>
              </li>
              <li
                class="usa-nav__primary-item"
              >
                <button
                  aria-controls="aboutMenu"
                  aria-expanded="false"
                  class="usa-accordion__button usa-nav__link"
                  data-cy="nav-dropdown-about"
                  data-testid="navDropDownButton"
                  type="button"
                >
                  <span>
                    About
                  </span>
                </button>
                <ul
                  class="usa-nav__submenu"
                  hidden=""
                  id="aboutMenu"
                >
                  <li
                    class="usa-nav__submenu-item"
                  >
                    <a
                      data-cy="nav-link-about"
                      href="/en/about"
                    >
                      About
                    </a>
                  </li>
                  <li
                    class="usa-nav__submenu-item"
                  >
                    <a
                      data-cy="nav-link-faqs"
                      href="/en/frequently-asked-questions"
                    >
                      Frequently asked questions
                    </a>
                  </li>
                </ul>
              </li>
              <li
                class="usa-nav__primary-item"
              >
                <div>
                  <div>
                    <img
                      alt="language icon for selecting language"
                      src="test-file-stub"
                    />
                    <a
                      class="usa-link"
                      href="#"
                    >
                      English
                    </a>
                    <a
                      class="usa-link"
                      href="#"
                    >
                      Espa√±ol
                    </a>
                  </div>
                </div>
              </li>
            </ul>
          </nav>
        </div>
      </div>
    </div>
    <div
      class="grid-container-desktop-lg"
      data-testid="gridContainer"
    />
  </header>
  <main
    id="main-content"
  >
    <div
      class="grid-container-desktop-lg"
      data-testid="gridContainer"
    >
      <section
        class="page-heading"
      >
        <h1>
          CEJST Privacy Policy
        </h1>
      </section>
      <div
        class="grid-row grid-gap j40-mb5-mt3"
        data-testid="grid"
      >
        <div
          class="desktop:grid-col-8"
          data-testid="grid"
        >
          <p>
            Effective Date: December 19, 2024
          </p>
          <p>
            The Council on Environmental Quality (CEQ, we, or us) is committed to protecting the privacy and
      security of the information we collect from users (you) of the Climate and Economic Justice Screening Tool
      (CEJST), including the interactive map and the other features of the CEJST website. This Privacy Policy
      explains our practices for collecting, using, and disclosing information that we obtain from your use of the
      CEJST.
          </p>
          <h2
            id="info-collect"
          >
            Information We Collect
          </h2>
          <p>
            When you visit the CEJST, we automatically collect certain information about your device, including
      information about your web browser, IP address, time zone, and some of the cookies that are installed on your
      device. (See below for more details about cookies.) Additionally, we may collect information about how you use
      the CEJST tool, including the census tracts you search for and view.
          </p>
          <h2
            id="personal-info"
          >
            Personal Information You Voluntarily Provide
          </h2>
          <p>
            You can voluntarily provide us certain information, such as your email address, if you choose give
      us feedback about the CEJST. You do not have to provide personal information to visit the CEJST. If you choose
      to provide personal information by sending a message to an email address on this website, submitting a form
      through this website, or filling out a questionnaire, we will use the information you provide to respond to you
      or provide the service you requested.
          </p>
          <p>
            Please do not send us sensitive information, such as social security numbers or financial
      information, through this website or by email.
          </p>
          <h2
            id="use-info"
          >
            How We Use Your Information
          </h2>
          <p>
            We use the information we collect to:
          </p>
          <ul>
            <li>
              <p>
                Operate, maintain, and improve the CEJST tool;
              </p>
            </li>
            <li>
              <p>
                Analyze how the tool is being used to inform future improvements;
              </p>
            </li>
            <li>
              <p>
                Communicate with you about the tool, if you send us feedback by filling out a form or
        questionnaire; and
              </p>
            </li>
            <li>
              <p>
                Comply with legal obligations and enforce our policies.
              </p>
            </li>
          </ul>
          <p>
            We do not sell or rent your personal information to third parties for their own marketing
      purposes.
          </p>
          <p>
            In some cases, we may share information you have provided or automatically generated information
      with other government agencies in response to a lawful request from law enforcement, to protect the website
      from security threats, or as otherwise required by law.
          </p>
          <p>
            We may share your information with third-party service providers who assist us in operating the
      CEJST tool. These providers are contractually obligated to protect the privacy and security of the data.
          </p>
          <h2
            id="cookies"
          >
            Information Collected for Website Measurement and Customization Technologies (Cookies)
          </h2>
          <p>
            A cookie is a small file that a website you visit transfers to your computer to allow it to
      remember specific information about your visit.
          </p>
          <p>
            The CEJST uses cookies for technical purposes, such as to enable better navigation through the
      site or to allow you to customize your preferences for interacting with the website, and to monitor and
      analyze traffic to the website.
          </p>
          <p>
            <a
              class="usa-link usa-link--external"
              data-cy=""
              href="https://www.usa.gov/optout-instructions"
              rel="noreferrer"
              target="_blank"
            >
              USA.gov
            </a>
             provides instructions for "opting out" from cookies if you do not want
      to receive them.
          </p>
          <h2
            id="external-links"
          >
            Links to External Sites
          </h2>
          <p>
            The CEJST includes links to other federal agencies‚Äô and non-federal organizations‚Äô
      websites. If you access another website through a link that we provide, that website‚Äôs privacy policy
      applies to your interaction with that website, instead of this privacy policy.
          </p>
          <h2
            id="children"
          >
            Children‚Äôs Online Privacy
          </h2>
          <p>
            We believe in the importance of protecting the privacy of children online. The
      
            <a
              class="usa-link usa-link--external"
              data-cy=""
              href="https://www.ftc.gov/legal-library/browse/rules/childrens-online-privacy-protection-rule-coppa"
              rel="noreferrer"
              target="_blank"
            >
              Children‚Äôs Online Privacy Protection Act (COPPA)
            </a>
             governs information gathered online from or
      about children under the age of 13. A website must obtain verifiable consent from a child‚Äôs parent or
      guardian before collecting, using, or disclosing personal information from a child under age 13. Our site is not
      intended to solicit information of any kind from children under age 13. If you believe that we have received
      information from or about children under age 13, please 
            <a
              class="usa-link"
              href="/en/contact"
            >
              contact us
            </a>
            .
          </p>
          <h2
            id="security"
          >
            Data Security
          </h2>
          <p>
            We implement reasonable security measures to help protect the security of your information.
      However, no system can be completely secure, so we cannot guarantee the absolute security of information you
      provide or of information you access from the CEJST.
          </p>
          <h2
            id="contact"
          >
            Contact Us
          </h2>
          <p>
            If you have any questions or concerns about our privacy practices, please contact us at
      
            <a
              class="usa-link usa-link--external"
              data-cy=""
              href="mailto:CEJST@ceq.eop.gov"
              rel="noreferrer"
              target="_blank"
            >
              CEJST@ceq.eop.gov
            </a>
          </p>
        </div>
      </div>
    </div>
  </main>
  <footer
    class="j40-footer"
  >
    <div
      class="usa-footer__primary-section pb2"
      data-cy="footer-primary-block"
    >
      <div
        class="grid-container-desktop-lg"
        data-testid="gridContainer"
      >
        <div
          class="grid-row tablet-lg:grid-col4"
        >
          <div
            class="mobile-lg:grid-col-12 desktop:grid-col-4"
          >
            <section>
              <div
                class="j40-h4"
              >
                Want to contribute?
              </div>
              <ul
                class="usa-list usa-list--unstyled"
              >
                <li
                  class="usa-footer__secondary-link"
                >
                  <a
                    class="usa-link usa-link--external footer-link-first-child"
                    data-cy="check-out-the-code-on-github"
                    href="https://github.com/edgi-govdata-archiving/j40-cejst-2"
                    rel="noreferrer"
                    target="_blank"
                  >
                    Check out the code on GitHub
                  </a>
                  ‚ÄÉ
                  <span
                    class="usa-tag  "
                    data-testid="tag"
                  >
                    New Location
                  </span>
                </li>
              </ul>
            </section>
          </div>
        </div>
      </div>
    </div>
  </footer>
</DocumentFragment>
`;
