// Jest Snapshot v1, https://goo.gl/fbAQLP

exports[`rendering of the UpdateBanner renders large version before cutoff date 1`] = `
<DocumentFragment>
  <div>
    <div
      class="usa-alert usa-alert--info"
      data-testid="alert"
    >
      <div
        class="usa-alert__body"
      >
        <h1
          class="usa-alert__heading"
        >
          This is an unofficial copy of the CEJST Tool. We are working on an overhaul, but in the meantime some links and text may incorrectly suggest that this site is affiliated with the US Government
        </h1>
        <p
          class="usa-alert__text"
        >
          The Council on Environmental Quality (CEQ) made the 2.0 version of the tool available on Dec 20, 2024.
        </p>
      </div>
    </div>
  </div>
</DocumentFragment>
`;

exports[`rendering of the UpdateBanner renders small version at cutoff date 1`] = `
<DocumentFragment>
  <div>
    <div>
      <strong>
        This is an unofficial copy of the CEJST Tool.
      </strong>
        We are working on an overhaul, but in the meantime some links and text may incorrectly suggest that this site is affiliated with the US Government.
    </div>
  </div>
</DocumentFragment>
`;
