// Jest Snapshot v1, https://goo.gl/fbAQLP

exports[`J40Footer renders correctly 1`] = `
<DocumentFragment>
  <footer
    class="j40-footer"
  >
    <div
      class="usa-footer__primary-section pb2"
      data-cy="footer-primary-block"
    >
      <div
        class="grid-container-desktop-lg"
        data-testid="gridContainer"
      >
        <div
          class="grid-row tablet-lg:grid-col4"
        >
          <div
            class="mobile-lg:grid-col-12 desktop:grid-col-4"
          >
            <section>
              <div
                class="j40-h4"
              >
                Want to contribute?
              </div>
              <ul
                class="usa-list usa-list--unstyled"
              >
                <li
                  class="usa-footer__secondary-link"
                >
                  <a
                    class="usa-link usa-link--external footer-link-first-child"
                    data-cy="check-out-the-code-on-github"
                    href="https://github.com/edgi-govdata-archiving/j40-cejst-2"
                    rel="noreferrer"
                    target="_blank"
                  >
                    Check out the code on GitHub
                  </a>
                  â€ƒ
                  <span
                    class="usa-tag  "
                    data-testid="tag"
                  >
                    New Location
                  </span>
                </li>
              </ul>
            </section>
          </div>
        </div>
      </div>
    </div>
  </footer>
</DocumentFragment>
`;
